******************************************************************************
                  TI ARM Linker PC v20.2.5                     
******************************************************************************
>> Linked Tue Sep  3 10:37:38 2024

OUTPUT FILE NAME:   <TI_PERIPHERALS.out>
ENTRY POINT SYMBOL: "_c_int00_noargs"  address: 00000599


MEMORY CONFIGURATION

         name            origin    length      used     unused   attr    fill
----------------------  --------  ---------  --------  --------  ----  --------
  FLASH                 00000000   00020000  00000610  0001f9f0  R  X
  SRAM                  20000000   00008000  00000204  00007dfc  RW X


SEGMENT ALLOCATION MAP

run origin  load origin   length   init length attrs members
----------  ----------- ---------- ----------- ----- -------
00000000    00000000    00000614   00000614    r-x
  00000000    00000000    0000026c   0000026c    r-- .intvecs
  0000026c    0000026c    00000390   00000390    r-x .text
  00000600    00000600    00000014   00000014    r-- .cinit
20000000    20000000    00000204   00000000    rw-
  20000000    20000000    00000200   00000000    rw- .stack
  20000200    20000200    00000004   00000000    rw- .bss


SECTION ALLOCATION MAP

 output                                  attributes/
section   page    origin      length       input sections
--------  ----  ----------  ----------   ----------------
.intvecs   0    00000000    0000026c     
                  00000000    0000026c     tm4c1233e6pz_startup_ccs.obj (.intvecs)

.text      0    0000026c    00000390     
                  0000026c    00000248     GPIO.obj (.text)
                  000004b4    000000a0     main.obj (.text)
                  00000554    00000044     rtsv7M4_T_le_v4SPD16_eabi.lib : autoinit.c.obj (.text:__TI_auto_init_nobinit_nopinit:__TI_auto_init_nobinit_nopinit)
                  00000598    00000034                                   : boot_cortex_m.c.obj (.text:_c_int00_noargs:_c_int00_noargs)
                  000005cc    0000001c                                   : copy_zero_init.c.obj (.text:decompress:ZI:__TI_zero_init_nomemset:__TI_zero_init_nomemset)
                  000005e8    0000000c     tm4c1233e6pz_startup_ccs.obj (.text)
                  000005f4    00000004     rtsv7M4_T_le_v4SPD16_eabi.lib : pre_init.c.obj (.text:_system_pre_init)
                  000005f8    00000004                                   : exit.c.obj (.text:abort:abort)

.cinit     0    00000600    00000014     
                  00000600    00000008     (.cinit..bss.load) [load image, compression = zero_init]
                  00000608    00000004     (__TI_handler_table)
                  0000060c    00000008     (__TI_cinit_table)

.init_array 
*          0    00000000    00000000     UNINITIALIZED

.bss       0    20000200    00000004     UNINITIALIZED
                  20000200    00000004     (.common:schedular_flg)

.stack     0    20000000    00000200     UNINITIALIZED
                  20000000    00000004     rtsv7M4_T_le_v4SPD16_eabi.lib : boot_cortex_m.c.obj (.stack)
                  20000004    000001fc     --HOLE--

__llvm_prf_cnts 
*          0    20000000    00000000     UNINITIALIZED

MODULE SUMMARY

       Module                         code   ro data   rw data
       ------                         ----   -------   -------
    .\
       tm4c1233e6pz_startup_ccs.obj   12     620       0      
    +--+------------------------------+------+---------+---------+
       Total:                         12     620       0      
                                                              
    .\Source\
       GPIO.obj                       584    0         0      
       main.obj                       160    0         0      
       TIMER.obj                      0      0         4      
    +--+------------------------------+------+---------+---------+
       Total:                         744    0         4      
                                                              
    C:\ti\ccs1110\ccs\tools\compiler\ti-cgt-arm_20.2.5.LTS\lib\rtsv7M4_T_le_v4SPD16_eabi.lib
       autoinit.c.obj                 68     0         0      
       boot_cortex_m.c.obj            52     0         0      
       copy_zero_init.c.obj           28     0         0      
       exit.c.obj                     4      0         0      
       pre_init.c.obj                 4      0         0      
    +--+------------------------------+------+---------+---------+
       Total:                         156    0         0      
                                                              
       Stack:                         0      0         512    
       Linker Generated:              0      20        0      
    +--+------------------------------+------+---------+---------+
       Grand Total:                   912    640       516    


LINKER GENERATED COPY TABLES

__TI_cinit_table @ 0000060c records: 1, size/record: 8, table size: 8
	.bss: load addr=00000600, load size=00000008 bytes, run addr=20000200, run size=00000004 bytes, compression=zero_init


LINKER GENERATED HANDLER TABLE

__TI_handler_table @ 00000608 records: 1, size/record: 4, table size: 4
	index: 0, handler: __TI_zero_init


GLOBAL SYMBOLS: SORTED ALPHABETICALLY BY Name 

address   name                          
-------   ----                          
000005f9  C$$EXIT                       
000005e9  ResetISR                      
20000200  __STACK_END                   
00000200  __STACK_SIZE                  
20000200  __STACK_TOP                   
0000060c  __TI_CINIT_Base               
00000614  __TI_CINIT_Limit              
00000608  __TI_Handler_Table_Base       
0000060c  __TI_Handler_Table_Limit      
00000555  __TI_auto_init_nobinit_nopinit
ffffffff  __TI_pprof_out_hndl           
ffffffff  __TI_prof_data_size           
ffffffff  __TI_prof_data_start          
00000000  __TI_static_base__            
000005cd  __TI_zero_init_nomemset       
ffffffff  __binit__                     
ffffffff  __c_args__                    
UNDEFED   __mpu_init                    
20000000  __stack                       
20000000  __start___llvm_prf_cnts       
20000000  __stop___llvm_prf_cnts        
00000599  _c_int00_noargs               
UNDEFED   _system_post_cinit            
000005f5  _system_pre_init              
000005f9  abort                         
ffffffff  binit                         
0000050d  delay_ms                      
000003d9  enableGPIOClock               
00000000  g_pfnVectors                  
00000399  getGPIO_Direction             
00000401  getPortNum                    
000004b5  main                          
000002bb  readGPIO                      
20000200  schedular_flg                 
0000032d  setGPIO_Direction             
000002fb  toggleGPIO                    
0000026d  writeGPIO                     


GLOBAL SYMBOLS: SORTED BY Symbol Address 

address   name                          
-------   ----                          
00000000  __TI_static_base__            
00000000  g_pfnVectors                  
00000200  __STACK_SIZE                  
0000026d  writeGPIO                     
000002bb  readGPIO                      
000002fb  toggleGPIO                    
0000032d  setGPIO_Direction             
00000399  getGPIO_Direction             
000003d9  enableGPIOClock               
00000401  getPortNum                    
000004b5  main                          
0000050d  delay_ms                      
00000555  __TI_auto_init_nobinit_nopinit
00000599  _c_int00_noargs               
000005cd  __TI_zero_init_nomemset       
000005e9  ResetISR                      
000005f5  _system_pre_init              
000005f9  C$$EXIT                       
000005f9  abort                         
00000608  __TI_Handler_Table_Base       
0000060c  __TI_CINIT_Base               
0000060c  __TI_Handler_Table_Limit      
00000614  __TI_CINIT_Limit              
20000000  __stack                       
20000000  __start___llvm_prf_cnts       
20000000  __stop___llvm_prf_cnts        
20000200  __STACK_END                   
20000200  __STACK_TOP                   
20000200  schedular_flg                 
ffffffff  __TI_pprof_out_hndl           
ffffffff  __TI_prof_data_size           
ffffffff  __TI_prof_data_start          
ffffffff  __binit__                     
ffffffff  __c_args__                    
ffffffff  binit                         
UNDEFED   __mpu_init                    
UNDEFED   _system_post_cinit            

[37 symbols]
